// Jest Snapshot v1, https://goo.gl/fbAQLP

exports[`Card matches snapshot 1`] = `
<View
  accessible={true}
  focusable={true}
  onClick={[Function]}
  onResponderGrant={[Function]}
  onResponderMove={[Function]}
  onResponderRelease={[Function]}
  onResponderTerminate={[Function]}
  onResponderTerminationRequest={[Function]}
  onStartShouldSetResponder={[Function]}
  style={
    Object {
      "alignItems": "center",
      "borderColor": "#a9a9a9",
      "borderRadius": 20,
      "borderWidth": 1,
      "height": 250,
      "justifyContent": "center",
      "marginBottom": 10,
      "marginTop": 10,
      "opacity": 1,
      "width": 720,
    }
  }
>
  <View
    style={
      Array [
        Object {
          "borderBottomColor": "#a9a9a9",
          "borderBottomWidth": 1,
          "flexBasis": 0,
          "flexGrow": 1,
          "flexShrink": 1,
          "height": "100%",
          "width": "100%",
        },
      ]
    }
  >
    <Image
      source={
        Object {
          "uri": "",
        }
      }
      style={
        Array [
          Object {
            "borderTopLeftRadius": 20,
            "borderTopRightRadius": 20,
            "height": "100%",
            "width": "100%",
          },
        ]
      }
    />
  </View>
  <View
    style={
      Array [
        Object {
          "backgroundColor": "#87cefa66",
          "borderBottomLeftRadius": 20,
          "borderBottomRightRadius": 20,
          "width": "100%",
        },
      ]
    }
  >
    <Text
      style={
        Array [
          Object {
            "alignSelf": "center",
            "color": "#696969",
            "fontSize": 20,
            "fontStyle": "normal",
            "fontWeight": "bold",
            "lineHeight": 26.38,
          },
        ]
      }
    >
      TEST
    </Text>
    <Text
      style={
        Array [
          Object {
            "alignSelf": "center",
            "color": "#696969",
            "fontSize": 15,
            "fontStyle": "normal",
            "fontWeight": "bold",
            "lineHeight": 26.38,
          },
        ]
      }
    >
      SubTest
    </Text>
  </View>
</View>
`;
