// Jest Snapshot v1, https://goo.gl/fbAQLP

exports[`Enterprise Details Screen matches snapshot 1`] = `
<RCTSafeAreaView
  emulateUnlessSupported={true}
>
  <View
    style={
      Array [
        Object {
          "alignItems": "center",
          "borderBottomWidth": 2,
          "borderColor": "#a9a9a9",
          "flexDirection": "row",
          "height": 60,
          "justifyContent": "space-between",
          "paddingHorizontal": 10,
          "width": 750,
        },
      ]
    }
  >
    <View
      style={
        Array [
          Object {
            "width": 40,
          },
        ]
      }
    >
      <View
        accessible={true}
        focusable={true}
        onClick={[Function]}
        onResponderGrant={[Function]}
        onResponderMove={[Function]}
        onResponderRelease={[Function]}
        onResponderTerminate={[Function]}
        onResponderTerminationRequest={[Function]}
        onStartShouldSetResponder={[Function]}
        style={
          Object {
            "alignItems": "center",
            "backgroundColor": "#87cefaCC",
            "borderColor": "#69696999",
            "borderRadius": 20,
            "borderWidth": 1,
            "height": 40,
            "justifyContent": "center",
            "opacity": 1,
            "width": 40,
          }
        }
      >
        <Image
          source={
            Object {
              "testUri": "../../../src/assets/chevronLeft.png",
            }
          }
          style={
            Array [
              Object {
                "height": 20,
                "tintColor": "#ecf0f2",
                "width": 20,
              },
            ]
          }
        />
      </View>
    </View>
    <Text
      style={
        Array [
          Object {
            "color": "#696969",
            "fontSize": 20,
            "fontStyle": "normal",
            "fontWeight": "bold",
            "lineHeight": 26.38,
            "textAlign": "center",
          },
        ]
      }
    >
      Detalhes
    </Text>
    <View
      accessible={true}
      focusable={true}
      onClick={[Function]}
      onResponderGrant={[Function]}
      onResponderMove={[Function]}
      onResponderRelease={[Function]}
      onResponderTerminate={[Function]}
      onResponderTerminationRequest={[Function]}
      onStartShouldSetResponder={[Function]}
      style={
        Object {
          "alignItems": "center",
          "borderColor": "#69696999",
          "borderRadius": 20,
          "borderWidth": 1,
          "height": 40,
          "justifyContent": "center",
          "opacity": 1,
          "width": 40,
        }
      }
    >
      <Image
        source={
          Object {
            "testUri": "../../../src/assets/profile.png",
          }
        }
        style={
          Array [
            Object {
              "borderRadius": 20,
              "maxHeight": 38,
              "maxWidth": 38,
              "tintColor": "#87cefaCC",
            },
          ]
        }
      />
    </View>
  </View>
  <RCTScrollView
    bounces={false}
    contentContainerStyle={
      Object {
        "alignItems": "center",
        "flexGrow": 1,
        "justifyContent": "space-between",
        "width": 750,
      }
    }
    keyboardShouldPersistTaps="handled"
    style={
      Array [
        Object {
          "width": 750,
        },
      ]
    }
  >
    <View>
      <Text
        style={
          Array [
            Object {
              "color": "#696969",
              "fontSize": 20,
              "fontStyle": "normal",
              "fontWeight": "bold",
              "lineHeight": 26.38,
              "marginTop": 10,
              "textAlign": "center",
            },
          ]
        }
      >
         -
         
      </Text>
      <View
        style={
          Array [
            Object {
              "borderRadius": 20,
              "height": 250,
              "marginTop": 10,
              "width": 720,
            },
          ]
        }
      >
        <Image
          source={
            Object {
              "uri": "https://empresas.ioasys.com.br/undefined",
            }
          }
          style={
            Array [
              Object {
                "borderRadius": 20,
                "height": "100%",
                "width": "100%",
              },
            ]
          }
        />
      </View>
      <View
        style={
          Array [
            Object {
              "alignItems": "center",
              "flexBasis": 0,
              "flexGrow": 1,
              "flexShrink": 1,
              "width": 717,
            },
          ]
        }
      >
        <Text
          style={
            Array [
              Object {
                "color": "#696969",
                "fontSize": 15,
                "fontStyle": "normal",
                "fontWeight": "bold",
                "lineHeight": 22,
                "marginTop": 10,
                "textAlign": "justify",
              },
            ]
          }
        />
        <Text
          style={
            Array [
              Object {
                "alignSelf": "center",
                "color": "#696969",
                "fontSize": 15,
                "fontStyle": "normal",
                "lineHeight": 22,
                "marginBottom": 10,
              },
            ]
          }
        >
           - 
        </Text>
        <View
          style={
            Array [
              Object {
                "alignItems": "flex-end",
                "flexDirection": "row",
              },
            ]
          }
        >
          <Text
            style={
              Array [
                Object {
                  "alignSelf": "flex-start",
                  "color": "#696969",
                  "fontSize": 18,
                  "fontStyle": "normal",
                  "fontWeight": "bold",
                  "marginTop": 10,
                },
              ]
            }
          >
            E-mail: 
          </Text>
          <Text
            style={
              Array [
                Object {
                  "color": "#696969",
                  "fontSize": 15,
                  "fontStyle": "normal",
                  "fontWeight": "bold",
                  "lineHeight": 22,
                },
              ]
            }
          >
            NÃ£o informado. ðŸ˜¢
          </Text>
        </View>
        <View
          style={
            Array [
              Object {
                "alignItems": "flex-end",
                "flexDirection": "row",
              },
            ]
          }
        >
          <Text
            style={
              Array [
                Object {
                  "alignSelf": "flex-start",
                  "color": "#696969",
                  "fontSize": 18,
                  "fontStyle": "normal",
                  "fontWeight": "bold",
                  "marginTop": 10,
                },
              ]
            }
          >
            Telefone: 
          </Text>
          <Text
            style={
              Array [
                Object {
                  "color": "#696969",
                  "fontSize": 15,
                  "fontStyle": "normal",
                  "fontWeight": "bold",
                  "lineHeight": 22,
                },
              ]
            }
          >
            NÃ£o informado. ðŸ˜¢
          </Text>
        </View>
        <View
          style={
            Array [
              Object {
                "alignItems": "flex-end",
                "flexDirection": "row",
              },
            ]
          }
        >
          <Text
            style={
              Array [
                Object {
                  "alignSelf": "flex-start",
                  "color": "#696969",
                  "fontSize": 18,
                  "fontStyle": "normal",
                  "fontWeight": "bold",
                  "marginTop": 10,
                },
              ]
            }
          >
            Facebook: 
          </Text>
          <Text
            style={
              Array [
                Object {
                  "color": "#696969",
                  "fontSize": 15,
                  "fontStyle": "normal",
                  "fontWeight": "bold",
                  "lineHeight": 22,
                },
              ]
            }
          >
            NÃ£o informado. ðŸ˜¢
          </Text>
        </View>
        <View
          style={
            Array [
              Object {
                "alignItems": "flex-end",
                "flexDirection": "row",
              },
            ]
          }
        >
          <Text
            style={
              Array [
                Object {
                  "alignSelf": "flex-start",
                  "color": "#696969",
                  "fontSize": 18,
                  "fontStyle": "normal",
                  "fontWeight": "bold",
                  "marginTop": 10,
                },
              ]
            }
          >
            Twitter: 
          </Text>
          <Text
            style={
              Array [
                Object {
                  "color": "#696969",
                  "fontSize": 15,
                  "fontStyle": "normal",
                  "fontWeight": "bold",
                  "lineHeight": 22,
                },
              ]
            }
          >
            NÃ£o informado. ðŸ˜¢
          </Text>
        </View>
        <View
          style={
            Array [
              Object {
                "alignItems": "flex-end",
                "flexDirection": "row",
              },
            ]
          }
        >
          <Text
            style={
              Array [
                Object {
                  "alignSelf": "flex-start",
                  "color": "#696969",
                  "fontSize": 18,
                  "fontStyle": "normal",
                  "fontWeight": "bold",
                  "marginTop": 10,
                },
              ]
            }
          >
            LinkedIn: 
          </Text>
          <Text
            style={
              Array [
                Object {
                  "color": "#696969",
                  "fontSize": 15,
                  "fontStyle": "normal",
                  "fontWeight": "bold",
                  "lineHeight": 22,
                },
              ]
            }
          >
            NÃ£o informado. ðŸ˜¢
          </Text>
        </View>
      </View>
    </View>
  </RCTScrollView>
</RCTSafeAreaView>
`;
