// Jest Snapshot v1, https://goo.gl/fbAQLP

exports[`Button matches snapshot 1`] = `
<View
  accessible={true}
  focusable={false}
  onClick={[Function]}
  onResponderGrant={[Function]}
  onResponderMove={[Function]}
  onResponderRelease={[Function]}
  onResponderTerminate={[Function]}
  onResponderTerminationRequest={[Function]}
  onStartShouldSetResponder={[Function]}
  style={
    Object {
      "alignItems": "center",
      "backgroundColor": "#87cefa",
      "borderRadius": 30,
      "height": 60,
      "justifyContent": "center",
      "opacity": 1,
      "width": 650,
    }
  }
>
  <Text
    style={
      Array [
        Object {
          "color": "#ffffff",
          "fontSize": 18,
          "fontWeight": "bold",
        },
      ]
    }
  >
    TEST
  </Text>
</View>
`;
